<testsuite name="Testem Tests" tests="10" skipped="0" failures="0" timestamp="Tue Jun 19 2018 20:12:31 GMT-0700 (PDT)" time="1.555"><testcase classname="Chrome 65.0" name="ESLint | app: app.js" time="0.002"/><testcase classname="Chrome 65.0" name="ESLint | app: controllers/freestyle.js" time="0"/><testcase classname="Chrome 65.0" name="ESLint | app: resolver.js" time="0"/><testcase classname="Chrome 65.0" name="ESLint | app: router.js" time="0.001"/><testcase classname="Chrome 65.0" name="Integration | Component | bourbon-button: it renders" time="0.259"/><testcase classname="Chrome 65.0" name="Integration | Component | bourbon-edit-button-svg: it renders" time="0.128"/><testcase classname="Chrome 65.0" name="ESLint | tests: integration/components/bourbon-button-test.js" time="0.001"/><testcase classname="Chrome 65.0" name="ESLint | tests: integration/components/bourbon-edit-button-svg-test.js" time="0"/><testcase classname="Chrome 65.0" name="ESLint | tests: test-helper.js" time="0.001"/><testcase classname="Chrome 65.0" name="ember-qunit: Ember.onerror validation: Ember.onerror is functioning properly" time="0.001"/></testsuite>
